[{"city": "Portland", "code": "jale151", "country": "US", "latitude": 45.518589, "longitude": -122.676156, "name": "Polk School", "number_of_users": 2, "school_type": ["middle_school", "elementary_school"], "state": "Oregon"}][{"city": "Portland", "code": "jale151", "country": "US", "latitude": 45.518589, "longitude": -122.676156, "name": "Polk School", "number_of_users": 2, "school_type": ["middle_school", "elementary_school"], "state": "Oregon"}, {"city": "Portland", "code": "5j1jla", "country": "US", "latitude": 45.47898, "longitude": -122.617322, "name": "Fries High School", "number_of_users": 86, "school_type": ["high_school"], "state": "Oregon"}][{"city": "Portland", "code": "jale151", "country": "US", "latitude": 45.518589, "longitude": -122.676156, "name": "Polk School", "number_of_users": 2, "school_type": ["middle_school", "elementary_school"], "state": "Oregon"}][{"city": "Kansas City", "code": "vmo4jaks", "country": "US", "latitude": 39.087773, "longitude": -94.587777, "name": "Bayside School", "number_of_users": 59, "school_type": ["high_school", "elementary_school"], "state": "Missouri"}][{"city": "San Mateo", "code": "502f23kj", "country": "US", "latitude": 37.563245, "longitude": -122.249657, "name": "San Mateo Middle School", "number_of_users": 320, "school_type": ["middle_school"], "state": "California"}, {"city": "San Mateo", "code": "a41vwe4", "country": "US", "latitude": 37.544632, "longitude": -122.290188, "name": "San Mateo High School", "number_of_users": 20, "school_type": ["high_school"], "state": "California"}, {"city": "San Francisco", "code": "4ja03j", "country": "US", "latitude": 37.746773, "longitude": -122.427137, "name": "San Francisco Middle School", "number_of_users": 82, "school_type": ["middle_school"], "state": "California"}, {"city": "San Mateo", "code": "u01jao23", "country": "US", "latitude": 37.543778, "longitude": -122.307988, "name": "San Mateo Elementary School", "number_of_users": 49, "school_type": ["elementary_school"], "state": "California"}]